
Memory Configuration

Name             Origin             Length             Attributes
flash            0x00000000         0x20000000         xr
sram             0x20000000         0x20000000         xrw
*default*        0x00000000         0xffffffff

Linker script and memory map


.text           0x00000000      0x16c
 *(.vectors*)
 .vectors       0x00000000       0x1c startup.o
                0x00000000                vectors
 *(.text*)
 .text          0x0000001c       0xc0 startup.o
                0x0000001c                RESET_HANDLER
                0x000000a0                NMI_HANDLER
                0x000000ac                H_FAULT_HANDLER
                0x000000b8                MM_FAULT_HANDLER
                0x000000c4                BUS_FAULT_HANDLER
                0x000000d0                USAGE_FAULT_HANDLER
 .text          0x000000dc       0x90 main.o
                0x000000dc                main
                0x0000016c                . = ALIGN (0x4)
                0x0000016c                END_TEXT = .

.glue_7         0x0000016c        0x0
 .glue_7        0x0000016c        0x0 linker stubs

.glue_7t        0x0000016c        0x0
 .glue_7t       0x0000016c        0x0 linker stubs

.vfp11_veneer   0x0000016c        0x0
 .vfp11_veneer  0x0000016c        0x0 linker stubs

.v4_bx          0x0000016c        0x0
 .v4_bx         0x0000016c        0x0 linker stubs

.iplt           0x0000016c        0x0
 .iplt          0x0000016c        0x0 startup.o

.rel.dyn        0x0000016c        0x0
 .rel.iplt      0x0000016c        0x0 startup.o

.data           0x20000000        0x0 load address 0x0000016c
                0x20000000                START_DATA = .
 *(.data)
 .data          0x20000000        0x0 startup.o
 .data          0x20000000        0x0 main.o
                0x20000000                . = ALIGN (0x4)
                0x20000000                END_DATA = .

.igot.plt       0x20000000        0x0 load address 0x0000016c
 .igot.plt      0x20000000        0x0 startup.o

.rodata
 *(.rodata)

.bss            0x20000000     0x1000
                0x20000000                START_BSS = .
 *(.bss)
 .bss           0x20000000        0x0 startup.o
 .bss           0x20000000        0x0 main.o
                0x20000000                . = ALIGN (0x4)
                0x20000000                END_BSS = .
                0x20000000                . = ALIGN (0x4)
                0x20001000                . = (. + 0x1000)
 *fill*         0x20000000     0x1000 
                0x20001000                STACK_TOP = .
LOAD startup.o
LOAD main.o
OUTPUT(unit3-lab4-cortex-m4.elf elf32-littlearm)
LOAD linker stubs

.debug_info     0x00000000      0x262
 .debug_info    0x00000000      0x1be startup.o
 .debug_info    0x000001be       0xa4 main.o

.debug_abbrev   0x00000000      0x13a
 .debug_abbrev  0x00000000       0xd3 startup.o
 .debug_abbrev  0x000000d3       0x67 main.o

.debug_loc      0x00000000      0x164
 .debug_loc     0x00000000      0x12c startup.o
 .debug_loc     0x0000012c       0x38 main.o

.debug_aranges  0x00000000       0x40
 .debug_aranges
                0x00000000       0x20 startup.o
 .debug_aranges
                0x00000020       0x20 main.o

.debug_line     0x00000000      0x173
 .debug_line    0x00000000       0xdb startup.o
 .debug_line    0x000000db       0x98 main.o

.debug_str      0x00000000      0x1a7
 .debug_str     0x00000000      0x195 startup.o
 .debug_str     0x00000195       0x12 main.o
                                 0xb3 (size before relaxing)

.comment        0x00000000       0x49
 .comment       0x00000000       0x49 startup.o
                                 0x4a (size before relaxing)
 .comment       0x00000049       0x4a main.o

.ARM.attributes
                0x00000000       0x2e
 .ARM.attributes
                0x00000000       0x2e startup.o
 .ARM.attributes
                0x0000002e       0x2e main.o

.debug_frame    0x00000000       0xec
 .debug_frame   0x00000000       0xc0 startup.o
 .debug_frame   0x000000c0       0x2c main.o
