
Memory Configuration

Name             Origin             Length             Attributes
flash            0x08000000         0x00020000         xr
sram             0x20000000         0x00005000         xrw
*default*        0x00000000         0xffffffff

Linker script and memory map


.text           0x08000000      0x128
 *(.vectors*)
 .vectors       0x08000000       0x1c startup.o
                0x08000000                vectors
 *(.text*)
 .text          0x0800001c       0x90 startup.o
                0x0800001c                H_FAULT_HANDLER
                0x0800001c                BUS_FAULT_HANDLER
                0x0800001c                USAGE_FAULT_HANDLER
                0x0800001c                MM_FAULT_HANDLER
                0x0800001c                Default_Handler
                0x0800001c                NMI_HANDLER
                0x08000028                RESET_HANDLER
 .text          0x080000ac       0x7c main.o
                0x080000ac                main
                0x08000128                . = ALIGN (0x4)
                0x08000128                END_TEXT = .

.glue_7         0x08000128        0x0
 .glue_7        0x08000128        0x0 linker stubs

.glue_7t        0x08000128        0x0
 .glue_7t       0x08000128        0x0 linker stubs

.vfp11_veneer   0x08000128        0x0
 .vfp11_veneer  0x08000128        0x0 linker stubs

.v4_bx          0x08000128        0x0
 .v4_bx         0x08000128        0x0 linker stubs

.iplt           0x08000128        0x0
 .iplt          0x08000128        0x0 startup.o

.rel.dyn        0x08000128        0x0
 .rel.iplt      0x08000128        0x0 startup.o

.data           0x20000000        0x0 load address 0x08000128
                0x20000000                START_DATA = .
 *(.data)
 .data          0x20000000        0x0 startup.o
 .data          0x20000000        0x0 main.o
                0x20000000                . = ALIGN (0x4)
                0x20000000                END_DATA = .

.igot.plt       0x20000000        0x0 load address 0x08000128
 .igot.plt      0x20000000        0x0 startup.o

.rodata         0x00000000        0x0
 *(.rodata)
                0x00000000                . = ALIGN (0x4)

.bss            0x20000000     0x1000
                0x20000000                START_BSS = .
 *(.bss)
 .bss           0x20000000        0x0 startup.o
 .bss           0x20000000        0x0 main.o
                0x20000000                . = ALIGN (0x4)
                0x20000000                END_BSS = .
                0x20001000                . = (. + 0x1000)
 *fill*         0x20000000     0x1000 
                0x20001000                STACK_TOP = .
LOAD startup.o
LOAD main.o
OUTPUT(learn_in_depth.elf elf32-littlearm)
LOAD linker stubs

.debug_info     0x00000000      0x1e5
 .debug_info    0x00000000      0x167 startup.o
 .debug_info    0x00000167       0x7e main.o

.debug_abbrev   0x00000000      0x135
 .debug_abbrev  0x00000000       0xd5 startup.o
 .debug_abbrev  0x000000d5       0x60 main.o

.debug_loc      0x00000000       0xb4
 .debug_loc     0x00000000       0x7c startup.o
 .debug_loc     0x0000007c       0x38 main.o

.debug_aranges  0x00000000       0x40
 .debug_aranges
                0x00000000       0x20 startup.o
 .debug_aranges
                0x00000020       0x20 main.o

.debug_line     0x00000000      0x127
 .debug_line    0x00000000       0xb7 startup.o
 .debug_line    0x000000b7       0x70 main.o

.debug_str      0x00000000      0x15b
 .debug_str     0x00000000      0x14f startup.o
 .debug_str     0x0000014f        0xc main.o
                                 0xaa (size before relaxing)

.comment        0x00000000       0x49
 .comment       0x00000000       0x49 startup.o
                                 0x4a (size before relaxing)
 .comment       0x00000049       0x4a main.o

.ARM.attributes
                0x00000000       0x2d
 .ARM.attributes
                0x00000000       0x2d startup.o
 .ARM.attributes
                0x0000002d       0x2d main.o

.debug_frame    0x00000000       0x7c
 .debug_frame   0x00000000       0x50 startup.o
 .debug_frame   0x00000050       0x2c main.o
